Hello from Zaahix AI Agent